docker : #0 building 
with "desktop-linux" 
instance using docker 
driver
No linha:1 caractere:1
+ docker build 
--no-cache 
--progress=plain -t 
"test_br_scanner" . > 
bui ...
+ ~~~~~~~~~~~~~~~~~~~~~~~
~~~~~~~~~~~~~~~~~~~~~~~~~
~~~~~~~~~~~~~~~~~~~~~
    + CategoryInfo       
       : NotSpecifi    
ed: (#0 building w    
it...g docker driv    
er:String) [], Rem    
oteException
    + FullyQualifiedEr   
 rorId : NativeComm    
andError
 

#1 [internal] load build 
definition from 
Dockerfile
#1 transferring 
dockerfile: 756B 0.0s 
done
#1 DONE 0.0s

#2 [internal] load 
metadata for docker.io/li
brary/python:3.10-slim
#2 DONE 0.8s

#3 [internal] load 
.dockerignore
#3 transferring context: 
2B done
#3 DONE 0.0s

#4 [1/6] FROM docker.io/l
ibrary/python:3.10-slim@s
ha256:4b0a8ebf16cf4563f3d
3732bd4f4a464abb2f671b3b9
d00aab281d705d224457
#4 DONE 0.0s

#5 [2/6] WORKDIR /app
#5 CACHED

#6 [internal] load build 
context
#6 transferring context: 
3.30MB 4.9s done
#6 DONE 5.0s

#7 [3/6] RUN apt-get 
update && apt-get 
install -y 
--no-install-recommends  
   build-essential     
libgl1     libglib2.0-0  
   libgomp1     && rm 
-rf /var/lib/apt/lists/*
#7 0.755 Hit:1 http://deb
.debian.org/debian 
trixie InRelease
#7 0.755 Get:2 http://deb
.debian.org/debian 
trixie-updates InRelease 
[47.3 kB]
#7 0.759 Get:3 http://deb
.debian.org/debian-securi
ty trixie-security 
InRelease [43.4 kB]
#7 0.807 Get:4 http://deb
.debian.org/debian 
trixie/main amd64 
Packages [9670 kB]
#7 1.687 Get:5 http://deb
.debian.org/debian 
trixie-updates/main 
amd64 Packages [5412 B]
#7 1.688 Get:6 http://deb
.debian.org/debian-securi
ty trixie-security/main 
amd64 Packages [108 kB]
#7 2.891 Fetched 9875 kB 
in 2s (4391 kB/s)
#7 2.891 Reading package 
lists...
#7 4.855 Reading package 
lists...
#7 5.772 Building 
dependency tree...
#7 6.059 Reading state 
information...
#7 6.483 The following 
additional packages will 
be installed:
#7 6.483   binutils 
binutils-common binutils-
x86-64-linux-gnu bzip2 
cpp cpp-14
#7 6.483   
cpp-14-x86-64-linux-gnu 
cpp-x86-64-linux-gnu 
dpkg-dev g++ g++-14
#7 6.483   
g++-14-x86-64-linux-gnu 
g++-x86-64-linux-gnu gcc 
gcc-14
#7 6.483   
gcc-14-x86-64-linux-gnu 
gcc-x86-64-linux-gnu 
libasan8 libatomic1 
libbinutils
#7 6.483   libc-dev-bin 
libc6-dev libcc1-0 
libcrypt-dev 
libctf-nobfd0 libctf0
#7 6.483   libdpkg-perl 
libdrm-amdgpu1 
libdrm-common 
libdrm-intel1 libdrm2 
libedit2
#7 6.483   libelf1t64 
libexpat1 libgbm1 
libgcc-14-dev 
libgdbm-compat4t64
#7 6.483   
libgl1-mesa-dri 
libglvnd0 libglx-mesa0 
libglx0 libgprofng0 
libhwasan0
#7 6.484   libisl23 
libitm1 libjansson4 
libllvm19 liblsan0 
libmpc3 libmpfr6
#7 6.485   libpciaccess0 
libperl5.40 libquadmath0 
libsensors-config 
libsensors5
#7 6.486   libsframe1 
libstdc++-14-dev 
libtsan2 libubsan1 
libvulkan1 
libwayland-server0
#7 6.486   libx11-6 
libx11-data libx11-xcb1 
libxau6 libxcb-dri3-0 
libxcb-glx0
#7 6.486   
libxcb-present0 
libxcb-randr0 
libxcb-shm0 libxcb-sync1 
libxcb-xfixes0
#7 6.487   libxcb1 
libxdmcp6 libxext6 
libxml2 libxshmfence1 
libxxf86vm1 libz3-4
#7 6.488   
linux-libc-dev make 
mesa-libgallium patch 
perl perl-modules-5.40
#7 6.488   rpcsvc-proto 
xz-utils
#7 6.492 Suggested 
packages:
#7 6.492   binutils-doc 
gprofng-gui 
binutils-gold bzip2-doc 
cpp-doc gcc-14-locales
#7 6.492   cpp-14-doc 
debian-keyring debian-tag
2upload-keyring 
g++-multilib
#7 6.492   
g++-14-multilib 
gcc-14-doc gcc-multilib 
manpages-dev autoconf 
automake
#7 6.492   libtool flex 
bison gdb gcc-doc 
gcc-14-multilib 
gdb-x86-64-linux-gnu
#7 6.492   libc-devtools 
glibc-doc sq | sqop | 
rsop | gosop | 
pgpainless-cli | gpg-sq
#7 6.492   | gnupg 
sensible-utils git bzr 
low-memory-monitor 
pciutils lm-sensors
#7 6.492   
libstdc++-14-doc 
make-doc ed 
diffutils-doc perl-doc
#7 6.492   libterm-readli
ne-gnu-perl | libterm-rea
dline-perl-perl
#7 6.492   libtap-harness
-archive-perl
#7 6.492 Recommended 
packages:
#7 6.492   fakeroot sq | 
sqop | rsop | gosop | 
pgpainless-cli | gpg-sq 
| gnupg
#7 6.492   
libalgorithm-merge-perl 
manpages manpages-dev 
libfile-fcntllock-perl
#7 6.492   
liblocale-gettext-perl 
libglib2.0-data 
shared-mime-info 
xdg-user-dirs
#7 6.492   
mesa-vulkan-drivers | 
vulkan-icd
#7 6.838 The following 
NEW packages will be 
installed:
#7 6.838   binutils 
binutils-common binutils-
x86-64-linux-gnu 
build-essential bzip2 cpp
#7 6.838   cpp-14 
cpp-14-x86-64-linux-gnu 
cpp-x86-64-linux-gnu 
dpkg-dev g++ g++-14
#7 6.838   
g++-14-x86-64-linux-gnu 
g++-x86-64-linux-gnu gcc 
gcc-14
#7 6.839   
gcc-14-x86-64-linux-gnu 
gcc-x86-64-linux-gnu 
libasan8 libatomic1 
libbinutils
#7 6.839   libc-dev-bin 
libc6-dev libcc1-0 
libcrypt-dev 
libctf-nobfd0 libctf0
#7 6.839   libdpkg-perl 
libdrm-amdgpu1 
libdrm-common 
libdrm-intel1 libdrm2 
libedit2
#7 6.839   libelf1t64 
libexpat1 libgbm1 
libgcc-14-dev 
libgdbm-compat4t64 libgl1
#7 6.839   
libgl1-mesa-dri 
libglib2.0-0t64 
libglvnd0 libglx-mesa0 
libglx0 libgomp1
#7 6.839   libgprofng0 
libhwasan0 libisl23 
libitm1 libjansson4 
libllvm19 liblsan0
#7 6.840   libmpc3 
libmpfr6 libpciaccess0 
libperl5.40 libquadmath0 
libsensors-config
#7 6.840   libsensors5 
libsframe1 
libstdc++-14-dev 
libtsan2 libubsan1 
libvulkan1
#7 6.840   
libwayland-server0 
libx11-6 libx11-data 
libx11-xcb1 libxau6 
libxcb-dri3-0
#7 6.840   libxcb-glx0 
libxcb-present0 
libxcb-randr0 
libxcb-shm0 libxcb-sync1
#7 6.840   
libxcb-xfixes0 libxcb1 
libxdmcp6 libxext6 
libxml2 libxshmfence1 
libxxf86vm1
#7 6.842   libz3-4 
linux-libc-dev make 
mesa-libgallium patch 
perl perl-modules-5.40
#7 6.843   rpcsvc-proto 
xz-utils
#7 6.916 0 upgraded, 91 
newly installed, 0 to 
remove and 0 not 
upgraded.
#7 6.916 Need to get 132 
MB of archives.
#7 6.916 After this 
operation, 554 MB of 
additional disk space 
will be used.
#7 6.916 Get:1 http://deb
.debian.org/debian 
trixie/main amd64 
libexpat1 amd64 2.7.1-2 
[108 kB]
#7 6.927 Get:2 http://deb
.debian.org/debian 
trixie/main amd64 bzip2 
amd64 1.0.8-6 [40.5 kB]
#7 6.932 Get:3 http://deb
.debian.org/debian 
trixie/main amd64 
perl-modules-5.40 all 
5.40.1-6 [3019 kB]
#7 7.080 Get:4 http://deb
.debian.org/debian 
trixie/main amd64 
libgdbm-compat4t64 amd64 
1.24-2 [50.3 kB]
#7 7.081 Get:5 http://deb
.debian.org/debian 
trixie/main amd64 
libperl5.40 amd64 
5.40.1-6 [4341 kB]
#7 7.259 Get:6 http://deb
.debian.org/debian 
trixie/main amd64 perl 
amd64 5.40.1-6 [267 kB]
#7 7.270 Get:7 http://deb
.debian.org/debian 
trixie/main amd64 
xz-utils amd64 5.8.1-1 
[660 kB]
#7 7.289 Get:8 http://deb
.debian.org/debian 
trixie/main amd64 
libsframe1 amd64 2.44-3 
[78.4 kB]
#7 7.292 Get:9 http://deb
.debian.org/debian 
trixie/main amd64 
binutils-common amd64 
2.44-3 [2509 kB]
#7 7.402 Get:10 http://de
b.debian.org/debian 
trixie/main amd64 
libbinutils amd64 2.44-3 
[534 kB]
#7 7.432 Get:11 http://de
b.debian.org/debian 
trixie/main amd64 
libgprofng0 amd64 2.44-3 
[808 kB]
#7 7.468 Get:12 http://de
b.debian.org/debian 
trixie/main amd64 
libctf-nobfd0 amd64 
2.44-3 [156 kB]
#7 7.474 Get:13 http://de
b.debian.org/debian 
trixie/main amd64 
libctf0 amd64 2.44-3 
[88.6 kB]
#7 7.477 Get:14 http://de
b.debian.org/debian 
trixie/main amd64 
libjansson4 amd64 
2.14-2+b3 [39.8 kB]
#7 7.481 Get:15 http://de
b.debian.org/debian 
trixie/main amd64 binutil
s-x86-64-linux-gnu amd64 
2.44-3 [1014 kB]
#7 7.520 Get:16 http://de
b.debian.org/debian 
trixie/main amd64 
binutils amd64 2.44-3 
[265 kB]
#7 7.531 Get:17 http://de
b.debian.org/debian 
trixie/main amd64 
libc-dev-bin amd64 
2.41-12+deb13u1 [58.5 kB]
#7 7.533 Get:18 http://de
b.debian.org/debian-secur
ity trixie-security/main 
amd64 linux-libc-dev all 
6.12.73-1 [2745 kB]
#7 7.652 Get:19 http://de
b.debian.org/debian 
trixie/main amd64 
libcrypt-dev amd64 
1:4.4.38-1 [119 kB]
#7 7.657 Get:20 http://de
b.debian.org/debian 
trixie/main amd64 
rpcsvc-proto amd64 
1.4.3-1 [63.3 kB]
#7 7.660 Get:21 http://de
b.debian.org/debian 
trixie/main amd64 
libc6-dev amd64 
2.41-12+deb13u1 [1994 kB]
#7 7.748 Get:22 http://de
b.debian.org/debian 
trixie/main amd64 
libisl23 amd64 0.27-1 
[659 kB]
#7 7.776 Get:23 http://de
b.debian.org/debian 
trixie/main amd64 
libmpfr6 amd64 4.2.2-1 
[729 kB]
#7 7.804 Get:24 http://de
b.debian.org/debian 
trixie/main amd64 
libmpc3 amd64 1.3.1-1+b3 
[52.2 kB]
#7 7.806 Get:25 http://de
b.debian.org/debian 
trixie/main amd64 
cpp-14-x86-64-linux-gnu 
amd64 14.2.0-19 [11.0 MB]
#7 8.301 Get:26 http://de
b.debian.org/debian 
trixie/main amd64 cpp-14 
amd64 14.2.0-19 [1280 B]
#7 8.301 Get:27 http://de
b.debian.org/debian 
trixie/main amd64 
cpp-x86-64-linux-gnu 
amd64 4:14.2.0-1 [4840 B]
#7 8.302 Get:28 http://de
b.debian.org/debian 
trixie/main amd64 cpp 
amd64 4:14.2.0-1 [1568 B]
#7 8.303 Get:29 http://de
b.debian.org/debian 
trixie/main amd64 
libcc1-0 amd64 14.2.0-19 
[42.8 kB]
#7 8.306 Get:30 http://de
b.debian.org/debian 
trixie/main amd64 
libgomp1 amd64 14.2.0-19 
[137 kB]
#7 8.312 Get:31 http://de
b.debian.org/debian 
trixie/main amd64 
libitm1 amd64 14.2.0-19 
[26.0 kB]
#7 8.315 Get:32 http://de
b.debian.org/debian 
trixie/main amd64 
libatomic1 amd64 
14.2.0-19 [9308 B]
#7 8.316 Get:33 http://de
b.debian.org/debian 
trixie/main amd64 
libasan8 amd64 14.2.0-19 
[2725 kB]
#7 8.429 Get:34 http://de
b.debian.org/debian 
trixie/main amd64 
liblsan0 amd64 14.2.0-19 
[1204 kB]
#7 8.476 Get:35 http://de
b.debian.org/debian 
trixie/main amd64 
libtsan2 amd64 14.2.0-19 
[2460 kB]
#7 8.571 Get:36 http://de
b.debian.org/debian 
trixie/main amd64 
libubsan1 amd64 
14.2.0-19 [1074 kB]
#7 8.612 Get:37 http://de
b.debian.org/debian 
trixie/main amd64 
libhwasan0 amd64 
14.2.0-19 [1488 kB]
#7 8.672 Get:38 http://de
b.debian.org/debian 
trixie/main amd64 
libquadmath0 amd64 
14.2.0-19 [145 kB]
#7 8.677 Get:39 http://de
b.debian.org/debian 
trixie/main amd64 
libgcc-14-dev amd64 
14.2.0-19 [2672 kB]
#7 8.816 Get:40 http://de
b.debian.org/debian 
trixie/main amd64 
gcc-14-x86-64-linux-gnu 
amd64 14.2.0-19 [21.4 MB]
#7 9.832 Get:41 http://de
b.debian.org/debian 
trixie/main amd64 gcc-14 
amd64 14.2.0-19 [540 kB]
#7 9.851 Get:42 http://de
b.debian.org/debian 
trixie/main amd64 
gcc-x86-64-linux-gnu 
amd64 4:14.2.0-1 [1436 B]
#7 9.852 Get:43 http://de
b.debian.org/debian 
trixie/main amd64 gcc 
amd64 4:14.2.0-1 [5136 B]
#7 9.852 Get:44 http://de
b.debian.org/debian 
trixie/main amd64 
libstdc++-14-dev amd64 
14.2.0-19 [2376 kB]
#7 9.931 Get:45 http://de
b.debian.org/debian 
trixie/main amd64 
g++-14-x86-64-linux-gnu 
amd64 14.2.0-19 [12.1 MB]
#7 10.39 Get:46 http://de
b.debian.org/debian 
trixie/main amd64 g++-14 
amd64 14.2.0-19 [22.5 kB]
#7 10.39 Get:47 http://de
b.debian.org/debian 
trixie/main amd64 
g++-x86-64-linux-gnu 
amd64 4:14.2.0-1 [1200 B]
#7 10.39 Get:48 http://de
b.debian.org/debian 
trixie/main amd64 g++ 
amd64 4:14.2.0-1 [1344 B]
#7 10.39 Get:49 http://de
b.debian.org/debian 
trixie/main amd64 make 
amd64 4.4.1-2 [463 kB]
#7 10.44 Get:50 http://de
b.debian.org/debian 
trixie/main amd64 
libdpkg-perl all 1.22.21 
[650 kB]
#7 10.46 Get:51 http://de
b.debian.org/debian 
trixie/main amd64 patch 
amd64 2.8-2 [134 kB]
#7 10.48 Get:52 http://de
b.debian.org/debian 
trixie/main amd64 
dpkg-dev all 1.22.21 
[1338 kB]
#7 10.52 Get:53 http://de
b.debian.org/debian 
trixie/main amd64 
build-essential amd64 
12.12 [4624 B]
#7 10.52 Get:54 http://de
b.debian.org/debian 
trixie/main amd64 
libdrm-common all 
2.4.124-2 [8288 B]
#7 10.52 Get:55 http://de
b.debian.org/debian 
trixie/main amd64 
libdrm2 amd64 2.4.124-2 
[39.0 kB]
#7 10.52 Get:56 http://de
b.debian.org/debian 
trixie/main amd64 
libdrm-amdgpu1 amd64 
2.4.124-2 [22.6 kB]
#7 10.52 Get:57 http://de
b.debian.org/debian 
trixie/main amd64 
libpciaccess0 amd64 
0.17-3+b3 [51.9 kB]
#7 10.53 Get:58 http://de
b.debian.org/debian 
trixie/main amd64 
libdrm-intel1 amd64 
2.4.124-2 [64.1 kB]
#7 10.53 Get:59 http://de
b.debian.org/debian 
trixie/main amd64 
libedit2 amd64 
3.1-20250104-1 [93.8 kB]
#7 10.54 Get:60 http://de
b.debian.org/debian 
trixie/main amd64 
libelf1t64 amd64 0.192-4 
[189 kB]
#7 10.55 Get:61 http://de
b.debian.org/debian 
trixie/main amd64 
libwayland-server0 amd64 
1.23.1-3 [34.4 kB]
#7 10.55 Get:62 http://de
b.debian.org/debian 
trixie/main amd64 
libxml2 amd64 2.12.7+dfsg
+really2.9.14-2.1+deb13u2
 [698 kB]
#7 10.58 Get:63 http://de
b.debian.org/debian 
trixie/main amd64 
libz3-4 amd64 4.13.3-1 
[8560 kB]
#7 10.95 Get:64 http://de
b.debian.org/debian 
trixie/main amd64 
libllvm19 amd64 
1:19.1.7-3+b1 [26.0 MB]
#7 11.98 Get:65 http://de
b.debian.org/debian 
trixie/main amd64 
libsensors-config all 
1:3.6.2-2 [16.2 kB]
#7 11.99 Get:66 http://de
b.debian.org/debian 
trixie/main amd64 
libsensors5 amd64 
1:3.6.2-2 [37.5 kB]
#7 11.99 Get:67 http://de
b.debian.org/debian 
trixie/main amd64 
libxau6 amd64 1:1.0.11-1 
[20.4 kB]
#7 11.99 Get:68 http://de
b.debian.org/debian 
trixie/main amd64 
libxdmcp6 amd64 
1:1.1.5-1 [27.8 kB]
#7 11.99 Get:69 http://de
b.debian.org/debian 
trixie/main amd64 
libxcb1 amd64 
1.17.0-2+b1 [144 kB]
#7 11.99 Get:70 http://de
b.debian.org/debian 
trixie/main amd64 
libx11-data all 
2:1.8.12-1 [343 kB]
#7 12.02 Get:71 http://de
b.debian.org/debian 
trixie/main amd64 
libx11-6 amd64 
2:1.8.12-1 [815 kB]
#7 12.05 Get:72 http://de
b.debian.org/debian 
trixie/main amd64 
libx11-xcb1 amd64 
2:1.8.12-1 [247 kB]
#7 12.06 Get:73 http://de
b.debian.org/debian 
trixie/main amd64 
libxcb-dri3-0 amd64 
1.17.0-2+b1 [107 kB]
#7 12.06 Get:74 http://de
b.debian.org/debian 
trixie/main amd64 
libxcb-present0 amd64 
1.17.0-2+b1 [106 kB]
#7 12.06 Get:75 http://de
b.debian.org/debian 
trixie/main amd64 
libxcb-randr0 amd64 
1.17.0-2+b1 [117 kB]
#7 12.07 Get:76 http://de
b.debian.org/debian 
trixie/main amd64 
libxcb-sync1 amd64 
1.17.0-2+b1 [109 kB]
#7 12.08 Get:77 http://de
b.debian.org/debian 
trixie/main amd64 
libxcb-xfixes0 amd64 
1.17.0-2+b1 [109 kB]
#7 12.08 Get:78 http://de
b.debian.org/debian 
trixie/main amd64 
libxshmfence1 amd64 
1.3.3-1 [10.9 kB]
#7 12.08 Get:79 http://de
b.debian.org/debian 
trixie/main amd64 
mesa-libgallium amd64 
25.0.7-2 [9629 kB]
#7 12.45 Get:80 http://de
b.debian.org/debian 
trixie/main amd64 
libgbm1 amd64 25.0.7-2 
[44.4 kB]
#7 12.45 Get:81 http://de
b.debian.org/debian 
trixie/main amd64 
libglvnd0 amd64 
1.7.0-1+b2 [52.0 kB]
#7 12.45 Get:82 http://de
b.debian.org/debian 
trixie/main amd64 
libxcb-glx0 amd64 
1.17.0-2+b1 [122 kB]
#7 12.46 Get:83 http://de
b.debian.org/debian 
trixie/main amd64 
libxcb-shm0 amd64 
1.17.0-2+b1 [105 kB]
#7 12.47 Get:84 http://de
b.debian.org/debian 
trixie/main amd64 
libxext6 amd64 
2:1.3.4-1+b3 [50.4 kB]
#7 12.48 Get:85 http://de
b.debian.org/debian 
trixie/main amd64 
libxxf86vm1 amd64 
1:1.1.4-1+b4 [19.3 kB]
#7 12.48 Get:86 http://de
b.debian.org/debian 
trixie/main amd64 
libvulkan1 amd64 
1.4.309.0-1 [130 kB]
#7 12.49 Get:87 http://de
b.debian.org/debian 
trixie/main amd64 
libgl1-mesa-dri amd64 
25.0.7-2 [46.1 kB]
#7 12.49 Get:88 http://de
b.debian.org/debian 
trixie/main amd64 
libglx-mesa0 amd64 
25.0.7-2 [143 kB]
#7 12.50 Get:89 http://de
b.debian.org/debian 
trixie/main amd64 
libglx0 amd64 1.7.0-1+b2 
[34.9 kB]
#7 12.50 Get:90 http://de
b.debian.org/debian 
trixie/main amd64 libgl1 
amd64 1.7.0-1+b2 [89.5 
kB]
#7 12.50 Get:91 http://de
b.debian.org/debian 
trixie/main amd64 
libglib2.0-0t64 amd64 
2.84.4-3~deb13u2 [1518 
kB]
#7 12.77 debconf: unable 
to initialize frontend: 
Dialog
#7 12.77 debconf: (TERM 
is not set, so the 
dialog frontend is not 
usable.)
#7 12.77 debconf: 
falling back to 
frontend: Readline
#7 12.77 debconf: unable 
to initialize frontend: 
Readline
#7 12.77 debconf: (Can't 
locate Term/ReadLine.pm 
in @INC (you may need to 
install the 
Term::ReadLine module) 
(@INC entries checked: 
/etc/perl /usr/local/lib/
x86_64-linux-gnu/perl/5.4
0.1 /usr/local/share/perl
/5.40.1 /usr/lib/x86_64-l
inux-gnu/perl5/5.40 
/usr/share/perl5 /usr/lib
/x86_64-linux-gnu/perl-ba
se /usr/lib/x86_64-linux-
gnu/perl/5.40 
/usr/share/perl/5.40 /usr
/local/lib/site_perl) at 
/usr/share/perl5/Debconf/
FrontEnd/Readline.pm 
line 8, <STDIN> line 91.)
#7 12.77 debconf: 
falling back to 
frontend: Teletype
#7 12.78 debconf: unable 
to initialize frontend: 
Teletype
#7 12.78 debconf: (This 
frontend requires a 
controlling tty.)
#7 12.78 debconf: 
falling back to 
frontend: Noninteractive
#7 15.48 Fetched 132 MB 
in 6s (23.4 MB/s)
#7 15.55 Selecting 
previously unselected 
package libexpat1:amd64.
#7 15.55 (Reading 
database ... 
(Reading database ... 5%
(Reading database ... 10%
(Reading database ... 15%
(Reading database ... 20%
(Reading database ... 25%
(Reading database ... 30%
(Reading database ... 35%
(Reading database ... 40%
(Reading database ... 45%
(Reading database ... 50%
(Reading database ... 55%
(Reading database ... 60%
(Reading database ... 65%
(Reading database ... 70%
(Reading database ... 75%
(Reading database ... 80%
(Reading database ... 85%
(Reading database ... 90%
(Reading database ... 95%
(Reading database ... 
100%
(Reading database ... 
5645 files and 
directories currently 
installed.)
#7 15.56 Preparing to 
unpack .../00-libexpat1_2
.7.1-2_amd64.deb ...
#7 15.58 Unpacking 
libexpat1:amd64 
(2.7.1-2) ...
#7 15.65 Selecting 
previously unselected 
package bzip2.
#7 15.65 Preparing to 
unpack .../01-bzip2_1.0.8
-6_amd64.deb ...
#7 15.66 Unpacking bzip2 
(1.0.8-6) ...
#7 15.73 Selecting 
previously unselected 
package 
perl-modules-5.40.
#7 15.73 Preparing to 
unpack .../02-perl-module
s-5.40_5.40.1-6_all.deb 
...
#7 15.74 Unpacking 
perl-modules-5.40 
(5.40.1-6) ...
#7 16.56 Selecting 
previously unselected 
package 
libgdbm-compat4t64:amd64.
#7 16.56 Preparing to 
unpack .../03-libgdbm-com
pat4t64_1.24-2_amd64.deb 
...
#7 16.57 Unpacking 
libgdbm-compat4t64:amd64 
(1.24-2) ...
#7 16.65 Selecting 
previously unselected 
package 
libperl5.40:amd64.
#7 16.65 Preparing to 
unpack .../04-libperl5.40
_5.40.1-6_amd64.deb ...
#7 16.66 Unpacking 
libperl5.40:amd64 
(5.40.1-6) ...
#7 17.11 Selecting 
previously unselected 
package perl.
#7 17.12 Preparing to 
unpack .../05-perl_5.40.1
-6_amd64.deb ...
#7 17.12 Unpacking perl 
(5.40.1-6) ...
#7 17.21 Selecting 
previously unselected 
package xz-utils.
#7 17.21 Preparing to 
unpack .../06-xz-utils_5.
8.1-1_amd64.deb ...
#7 17.22 Unpacking 
xz-utils (5.8.1-1) ...
#7 17.32 Selecting 
previously unselected 
package libsframe1:amd64.
#7 17.32 Preparing to 
unpack .../07-libsframe1_
2.44-3_amd64.deb ...
#7 17.33 Unpacking 
libsframe1:amd64 
(2.44-3) ...
#7 17.40 Selecting 
previously unselected 
package 
binutils-common:amd64.
#7 17.40 Preparing to 
unpack .../08-binutils-co
mmon_2.44-3_amd64.deb ...
#7 17.41 Unpacking 
binutils-common:amd64 
(2.44-3) ...
#7 17.59 Selecting 
previously unselected 
package 
libbinutils:amd64.
#7 17.60 Preparing to 
unpack .../09-libbinutils
_2.44-3_amd64.deb ...
#7 17.60 Unpacking 
libbinutils:amd64 
(2.44-3) ...
#7 17.71 Selecting 
previously unselected 
package 
libgprofng0:amd64.
#7 17.71 Preparing to 
unpack .../10-libgprofng0
_2.44-3_amd64.deb ...
#7 17.72 Unpacking 
libgprofng0:amd64 
(2.44-3) ...
#7 17.83 Selecting 
previously unselected 
package 
libctf-nobfd0:amd64.
#7 17.83 Preparing to 
unpack .../11-libctf-nobf
d0_2.44-3_amd64.deb ...
#7 17.84 Unpacking 
libctf-nobfd0:amd64 
(2.44-3) ...
#7 17.92 Selecting 
previously unselected 
package libctf0:amd64.
#7 17.92 Preparing to 
unpack .../12-libctf0_2.4
4-3_amd64.deb ...
#7 17.93 Unpacking 
libctf0:amd64 (2.44-3) 
...
#7 18.01 Selecting 
previously unselected 
package 
libjansson4:amd64.
#7 18.01 Preparing to 
unpack .../13-libjansson4
_2.14-2+b3_amd64.deb ...
#7 18.02 Unpacking 
libjansson4:amd64 
(2.14-2+b3) ...
#7 18.09 Selecting 
previously unselected 
package binutils-x86-64-l
inux-gnu.
#7 18.09 Preparing to 
unpack .../14-binutils-x8
6-64-linux-gnu_2.44-3_amd
64.deb ...
#7 18.10 Unpacking binuti
ls-x86-64-linux-gnu 
(2.44-3) ...
#7 18.29 Selecting 
previously unselected 
package binutils.
#7 18.29 Preparing to 
unpack .../15-binutils_2.
44-3_amd64.deb ...
#7 18.31 Unpacking 
binutils (2.44-3) ...
#7 18.39 Selecting 
previously unselected 
package libc-dev-bin.
#7 18.39 Preparing to 
unpack .../16-libc-dev-bi
n_2.41-12+deb13u1_amd64.d
eb ...
#7 18.40 Unpacking 
libc-dev-bin 
(2.41-12+deb13u1) ...
#7 18.48 Selecting 
previously unselected 
package linux-libc-dev.
#7 18.48 Preparing to 
unpack .../17-linux-libc-
dev_6.12.73-1_all.deb ...
#7 18.49 Unpacking 
linux-libc-dev 
(6.12.73-1) ...
#7 19.31 Selecting 
previously unselected 
package 
libcrypt-dev:amd64.
#7 19.31 Preparing to 
unpack .../18-libcrypt-de
v_1%3a4.4.38-1_amd64.deb 
...
#7 19.33 Unpacking 
libcrypt-dev:amd64 
(1:4.4.38-1) ...
#7 19.41 Selecting 
previously unselected 
package rpcsvc-proto.
#7 19.41 Preparing to 
unpack .../19-rpcsvc-prot
o_1.4.3-1_amd64.deb ...
#7 19.42 Unpacking 
rpcsvc-proto (1.4.3-1) 
...
#7 19.49 Selecting 
previously unselected 
package libc6-dev:amd64.
#7 19.49 Preparing to 
unpack .../20-libc6-dev_2
.41-12+deb13u1_amd64.deb 
...
#7 19.50 Unpacking 
libc6-dev:amd64 
(2.41-12+deb13u1) ...
#7 19.78 Selecting 
previously unselected 
package libisl23:amd64.
#7 19.79 Preparing to 
unpack .../21-libisl23_0.
27-1_amd64.deb ...
#7 19.80 Unpacking 
libisl23:amd64 (0.27-1) 
...
#7 19.90 Selecting 
previously unselected 
package libmpfr6:amd64.
#7 19.90 Preparing to 
unpack .../22-libmpfr6_4.
2.2-1_amd64.deb ...
#7 19.91 Unpacking 
libmpfr6:amd64 (4.2.2-1) 
...
#7 20.00 Selecting 
previously unselected 
package libmpc3:amd64.
#7 20.01 Preparing to 
unpack .../23-libmpc3_1.3
.1-1+b3_amd64.deb ...
#7 20.02 Unpacking 
libmpc3:amd64 
(1.3.1-1+b3) ...
#7 20.08 Selecting 
previously unselected 
package 
cpp-14-x86-64-linux-gnu.
#7 20.08 Preparing to 
unpack .../24-cpp-14-x86-
64-linux-gnu_14.2.0-19_am
d64.deb ...
#7 20.09 Unpacking 
cpp-14-x86-64-linux-gnu 
(14.2.0-19) ...
#7 20.62 Selecting 
previously unselected 
package cpp-14.
#7 20.62 Preparing to 
unpack .../25-cpp-14_14.2
.0-19_amd64.deb ...
#7 20.63 Unpacking 
cpp-14 (14.2.0-19) ...
#7 20.70 Selecting 
previously unselected 
package 
cpp-x86-64-linux-gnu.
#7 20.70 Preparing to 
unpack .../26-cpp-x86-64-
linux-gnu_4%3a14.2.0-1_am
d64.deb ...
#7 20.71 Unpacking 
cpp-x86-64-linux-gnu 
(4:14.2.0-1) ...
#7 20.79 Selecting 
previously unselected 
package cpp.
#7 20.79 Preparing to 
unpack .../27-cpp_4%3a14.
2.0-1_amd64.deb ...
#7 20.81 Unpacking cpp 
(4:14.2.0-1) ...
#7 20.89 Selecting 
previously unselected 
package libcc1-0:amd64.
#7 20.89 Preparing to 
unpack .../28-libcc1-0_14
.2.0-19_amd64.deb ...
#7 20.90 Unpacking 
libcc1-0:amd64 
(14.2.0-19) ...
#7 20.99 Selecting 
previously unselected 
package libgomp1:amd64.
#7 20.99 Preparing to 
unpack .../29-libgomp1_14
.2.0-19_amd64.deb ...
#7 21.00 Unpacking 
libgomp1:amd64 
(14.2.0-19) ...
#7 21.08 Selecting 
previously unselected 
package libitm1:amd64.
#7 21.08 Preparing to 
unpack .../30-libitm1_14.
2.0-19_amd64.deb ...
#7 21.09 Unpacking 
libitm1:amd64 
(14.2.0-19) ...
#7 21.16 Selecting 
previously unselected 
package libatomic1:amd64.
#7 21.16 Preparing to 
unpack .../31-libatomic1_
14.2.0-19_amd64.deb ...
#7 21.17 Unpacking 
libatomic1:amd64 
(14.2.0-19) ...
#7 21.25 Selecting 
previously unselected 
package libasan8:amd64.
#7 21.25 Preparing to 
unpack .../32-libasan8_14
.2.0-19_amd64.deb ...
#7 21.26 Unpacking 
libasan8:amd64 
(14.2.0-19) ...
#7 21.46 Selecting 
previously unselected 
package liblsan0:amd64.
#7 21.46 Preparing to 
unpack .../33-liblsan0_14
.2.0-19_amd64.deb ...
#7 21.47 Unpacking 
liblsan0:amd64 
(14.2.0-19) ...
#7 21.60 Selecting 
previously unselected 
package libtsan2:amd64.
#7 21.60 Preparing to 
unpack .../34-libtsan2_14
.2.0-19_amd64.deb ...
#7 21.61 Unpacking 
libtsan2:amd64 
(14.2.0-19) ...
#7 21.80 Selecting 
previously unselected 
package libubsan1:amd64.
#7 21.80 Preparing to 
unpack .../35-libubsan1_1
4.2.0-19_amd64.deb ...
#7 21.81 Unpacking 
libubsan1:amd64 
(14.2.0-19) ...
#7 21.94 Selecting 
previously unselected 
package libhwasan0:amd64.
#7 21.94 Preparing to 
unpack .../36-libhwasan0_
14.2.0-19_amd64.deb ...
#7 21.95 Unpacking 
libhwasan0:amd64 
(14.2.0-19) ...
#7 22.09 Selecting 
previously unselected 
package 
libquadmath0:amd64.
#7 22.09 Preparing to 
unpack .../37-libquadmath
0_14.2.0-19_amd64.deb ...
#7 22.10 Unpacking 
libquadmath0:amd64 
(14.2.0-19) ...
#7 22.17 Selecting 
previously unselected 
package 
libgcc-14-dev:amd64.
#7 22.17 Preparing to 
unpack .../38-libgcc-14-d
ev_14.2.0-19_amd64.deb 
...
#7 22.18 Unpacking 
libgcc-14-dev:amd64 
(14.2.0-19) ...
#7 22.38 Selecting 
previously unselected 
package 
gcc-14-x86-64-linux-gnu.
#7 22.38 Preparing to 
unpack .../39-gcc-14-x86-
64-linux-gnu_14.2.0-19_am
d64.deb ...
#7 22.39 Unpacking 
gcc-14-x86-64-linux-gnu 
(14.2.0-19) ...
#7 23.09 Selecting 
previously unselected 
package gcc-14.
#7 23.09 Preparing to 
unpack .../40-gcc-14_14.2
.0-19_amd64.deb ...
#7 23.10 Unpacking 
gcc-14 (14.2.0-19) ...
#7 23.22 Selecting 
previously unselected 
package 
gcc-x86-64-linux-gnu.
#7 23.22 Preparing to 
unpack .../41-gcc-x86-64-
linux-gnu_4%3a14.2.0-1_am
d64.deb ...
#7 23.23 Unpacking 
gcc-x86-64-linux-gnu 
(4:14.2.0-1) ...
#7 23.32 Selecting 
previously unselected 
package gcc.
#7 23.32 Preparing to 
unpack .../42-gcc_4%3a14.
2.0-1_amd64.deb ...
#7 23.33 Unpacking gcc 
(4:14.2.0-1) ...
#7 23.40 Selecting 
previously unselected 
package 
libstdc++-14-dev:amd64.
#7 23.40 Preparing to 
unpack .../43-libstdc++-1
4-dev_14.2.0-19_amd64.deb
 ...
#7 23.41 Unpacking 
libstdc++-14-dev:amd64 
(14.2.0-19) ...
#7 23.87 Selecting 
previously unselected 
package 
g++-14-x86-64-linux-gnu.
#7 23.87 Preparing to 
unpack .../44-g++-14-x86-
64-linux-gnu_14.2.0-19_am
d64.deb ...
#7 23.88 Unpacking 
g++-14-x86-64-linux-gnu 
(14.2.0-19) ...
#7 24.56 Selecting 
previously unselected 
package g++-14.
#7 24.56 Preparing to 
unpack .../45-g++-14_14.2
.0-19_amd64.deb ...
#7 24.58 Unpacking 
g++-14 (14.2.0-19) ...
#7 24.81 Selecting 
previously unselected 
package 
g++-x86-64-linux-gnu.
#7 24.81 Preparing to 
unpack .../46-g++-x86-64-
linux-gnu_4%3a14.2.0-1_am
d64.deb ...
#7 24.86 Unpacking 
g++-x86-64-linux-gnu 
(4:14.2.0-1) ...
#7 25.04 Selecting 
previously unselected 
package g++.
#7 25.04 Preparing to 
unpack .../47-g++_4%3a14.
2.0-1_amd64.deb ...
#7 25.08 Unpacking g++ 
(4:14.2.0-1) ...
#7 25.25 Selecting 
previously unselected 
package make.
#7 25.25 Preparing to 
unpack .../48-make_4.4.1-
2_amd64.deb ...
#7 25.27 Unpacking make 
(4.4.1-2) ...
#7 25.46 Selecting 
previously unselected 
package libdpkg-perl.
#7 25.46 Preparing to 
unpack .../49-libdpkg-per
l_1.22.21_all.deb ...
#7 25.49 Unpacking 
libdpkg-perl (1.22.21) 
...
#7 25.73 Selecting 
previously unselected 
package patch.
#7 25.73 Preparing to 
unpack .../50-patch_2.8-2
_amd64.deb ...
#7 25.77 Unpacking patch 
(2.8-2) ...
#7 25.92 Selecting 
previously unselected 
package dpkg-dev.
#7 25.92 Preparing to 
unpack .../51-dpkg-dev_1.
22.21_all.deb ...
#7 25.96 Unpacking 
dpkg-dev (1.22.21) ...
#7 26.16 Selecting 
previously unselected 
package build-essential.
#7 26.16 Preparing to 
unpack .../52-build-essen
tial_12.12_amd64.deb ...
#7 26.19 Unpacking 
build-essential (12.12) 
...
#7 26.38 Selecting 
previously unselected 
package libdrm-common.
#7 26.38 Preparing to 
unpack .../53-libdrm-comm
on_2.4.124-2_all.deb ...
#7 26.40 Unpacking 
libdrm-common 
(2.4.124-2) ...
#7 26.65 Selecting 
previously unselected 
package libdrm2:amd64.
#7 26.65 Preparing to 
unpack .../54-libdrm2_2.4
.124-2_amd64.deb ...
#7 26.68 Unpacking 
libdrm2:amd64 
(2.4.124-2) ...
#7 26.93 Selecting 
previously unselected 
package 
libdrm-amdgpu1:amd64.
#7 26.94 Preparing to 
unpack .../55-libdrm-amdg
pu1_2.4.124-2_amd64.deb 
...
#7 26.96 Unpacking 
libdrm-amdgpu1:amd64 
(2.4.124-2) ...
#7 27.22 Selecting 
previously unselected 
package 
libpciaccess0:amd64.
#7 27.23 Preparing to 
unpack .../56-libpciacces
s0_0.17-3+b3_amd64.deb 
...
#7 27.25 Unpacking 
libpciaccess0:amd64 
(0.17-3+b3) ...
#7 27.50 Selecting 
previously unselected 
package 
libdrm-intel1:amd64.
#7 27.50 Preparing to 
unpack .../57-libdrm-inte
l1_2.4.124-2_amd64.deb 
...
#7 27.55 Unpacking 
libdrm-intel1:amd64 
(2.4.124-2) ...
#7 27.71 Selecting 
previously unselected 
package libedit2:amd64.
#7 27.71 Preparing to 
unpack .../58-libedit2_3.
1-20250104-1_amd64.deb 
...
#7 27.75 Unpacking 
libedit2:amd64 
(3.1-20250104-1) ...
#7 28.00 Selecting 
previously unselected 
package libelf1t64:amd64.
#7 28.00 Preparing to 
unpack .../59-libelf1t64_
0.192-4_amd64.deb ...
#7 28.02 Unpacking 
libelf1t64:amd64 
(0.192-4) ...
#7 28.27 Selecting 
previously unselected 
package 
libwayland-server0:amd64.
#7 28.28 Preparing to 
unpack .../60-libwayland-
server0_1.23.1-3_amd64.de
b ...
#7 28.30 Unpacking 
libwayland-server0:amd64 
(1.23.1-3) ...
#7 28.50 Selecting 
previously unselected 
package libxml2:amd64.
#7 28.50 Preparing to 
unpack .../61-libxml2_2.1
2.7+dfsg+really2.9.14-2.1
+deb13u2_amd64.deb ...
#7 28.55 Unpacking 
libxml2:amd64 (2.12.7+dfs
g+really2.9.14-2.1+deb13u
2) ...
#7 28.78 Selecting 
previously unselected 
package libz3-4:amd64.
#7 28.78 Preparing to 
unpack .../62-libz3-4_4.1
3.3-1_amd64.deb ...
#7 28.83 Unpacking 
libz3-4:amd64 (4.13.3-1) 
...
#7 29.43 Selecting 
previously unselected 
package libllvm19:amd64.
#7 29.44 Preparing to 
unpack .../63-libllvm19_1
%3a19.1.7-3+b1_amd64.deb 
...
#7 29.48 Unpacking 
libllvm19:amd64 
(1:19.1.7-3+b1) ...
#7 30.47 Selecting 
previously unselected 
package 
libsensors-config.
#7 30.48 Preparing to 
unpack .../64-libsensors-
config_1%3a3.6.2-2_all.de
b ...
#7 30.50 Unpacking 
libsensors-config 
(1:3.6.2-2) ...
#7 30.66 Selecting 
previously unselected 
package 
libsensors5:amd64.
#7 30.67 Preparing to 
unpack .../65-libsensors5
_1%3a3.6.2-2_amd64.deb 
...
#7 30.68 Unpacking 
libsensors5:amd64 
(1:3.6.2-2) ...
#7 30.83 Selecting 
previously unselected 
package libxau6:amd64.
#7 30.84 Preparing to 
unpack .../66-libxau6_1%3
a1.0.11-1_amd64.deb ...
#7 30.86 Unpacking 
libxau6:amd64 
(1:1.0.11-1) ...
#7 30.99 Selecting 
previously unselected 
package libxdmcp6:amd64.
#7 30.99 Preparing to 
unpack .../67-libxdmcp6_1
%3a1.1.5-1_amd64.deb ...
#7 31.02 Unpacking 
libxdmcp6:amd64 
(1:1.1.5-1) ...
#7 31.16 Selecting 
previously unselected 
package libxcb1:amd64.
#7 31.16 Preparing to 
unpack .../68-libxcb1_1.1
7.0-2+b1_amd64.deb ...
#7 31.18 Unpacking 
libxcb1:amd64 
(1.17.0-2+b1) ...
#7 31.30 Selecting 
previously unselected 
package libx11-data.
#7 31.31 Preparing to 
unpack .../69-libx11-data
_2%3a1.8.12-1_all.deb ...
#7 31.32 Unpacking 
libx11-data (2:1.8.12-1) 
...
#7 31.59 Selecting 
previously unselected 
package libx11-6:amd64.
#7 31.59 Preparing to 
unpack .../70-libx11-6_2%
3a1.8.12-1_amd64.deb ...
#7 31.61 Unpacking 
libx11-6:amd64 
(2:1.8.12-1) ...
#7 31.79 Selecting 
previously unselected 
package 
libx11-xcb1:amd64.
#7 31.79 Preparing to 
unpack .../71-libx11-xcb1
_2%3a1.8.12-1_amd64.deb 
...
#7 31.81 Unpacking 
libx11-xcb1:amd64 
(2:1.8.12-1) ...
#7 31.98 Selecting 
previously unselected 
package 
libxcb-dri3-0:amd64.
#7 31.98 Preparing to 
unpack .../72-libxcb-dri3
-0_1.17.0-2+b1_amd64.deb 
...
#7 32.01 Unpacking 
libxcb-dri3-0:amd64 
(1.17.0-2+b1) ...
#7 32.23 Selecting 
previously unselected 
package 
libxcb-present0:amd64.
#7 32.24 Preparing to 
unpack .../73-libxcb-pres
ent0_1.17.0-2+b1_amd64.de
b ...
#7 32.26 Unpacking 
libxcb-present0:amd64 
(1.17.0-2+b1) ...
#7 32.40 Selecting 
previously unselected 
package 
libxcb-randr0:amd64.
#7 32.40 Preparing to 
unpack .../74-libxcb-rand
r0_1.17.0-2+b1_amd64.deb 
...
#7 32.43 Unpacking 
libxcb-randr0:amd64 
(1.17.0-2+b1) ...
#7 32.59 Selecting 
previously unselected 
package 
libxcb-sync1:amd64.
#7 32.59 Preparing to 
unpack .../75-libxcb-sync
1_1.17.0-2+b1_amd64.deb 
...
#7 32.61 Unpacking 
libxcb-sync1:amd64 
(1.17.0-2+b1) ...
#7 32.76 Selecting 
previously unselected 
package 
libxcb-xfixes0:amd64.
#7 32.76 Preparing to 
unpack .../76-libxcb-xfix
es0_1.17.0-2+b1_amd64.deb
 ...
#7 32.79 Unpacking 
libxcb-xfixes0:amd64 
(1.17.0-2+b1) ...
#7 32.94 Selecting 
previously unselected 
package 
libxshmfence1:amd64.
#7 32.94 Preparing to 
unpack .../77-libxshmfenc
e1_1.3.3-1_amd64.deb ...
#7 32.96 Unpacking 
libxshmfence1:amd64 
(1.3.3-1) ...
#7 33.11 Selecting 
previously unselected 
package 
mesa-libgallium:amd64.
#7 33.11 Preparing to 
unpack .../78-mesa-libgal
lium_25.0.7-2_amd64.deb 
...
#7 33.13 Unpacking 
mesa-libgallium:amd64 
(25.0.7-2) ...
#7 33.71 Selecting 
previously unselected 
package libgbm1:amd64.
#7 33.72 Preparing to 
unpack .../79-libgbm1_25.
0.7-2_amd64.deb ...
#7 33.73 Unpacking 
libgbm1:amd64 (25.0.7-2) 
...
#7 33.87 Selecting 
previously unselected 
package libglvnd0:amd64.
#7 33.87 Preparing to 
unpack .../80-libglvnd0_1
.7.0-1+b2_amd64.deb ...
#7 33.89 Unpacking 
libglvnd0:amd64 
(1.7.0-1+b2) ...
#7 34.06 Selecting 
previously unselected 
package 
libxcb-glx0:amd64.
#7 34.06 Preparing to 
unpack .../81-libxcb-glx0
_1.17.0-2+b1_amd64.deb 
...
#7 34.08 Unpacking 
libxcb-glx0:amd64 
(1.17.0-2+b1) ...
#7 34.25 Selecting 
previously unselected 
package 
libxcb-shm0:amd64.
#7 34.25 Preparing to 
unpack .../82-libxcb-shm0
_1.17.0-2+b1_amd64.deb 
...
#7 34.27 Unpacking 
libxcb-shm0:amd64 
(1.17.0-2+b1) ...
#7 34.43 Selecting 
previously unselected 
package libxext6:amd64.
#7 34.43 Preparing to 
unpack .../83-libxext6_2%
3a1.3.4-1+b3_amd64.deb 
...
#7 34.51 Unpacking 
libxext6:amd64 
(2:1.3.4-1+b3) ...
#7 34.67 Selecting 
previously unselected 
package 
libxxf86vm1:amd64.
#7 34.67 Preparing to 
unpack .../84-libxxf86vm1
_1%3a1.1.4-1+b4_amd64.deb
 ...
#7 34.70 Unpacking 
libxxf86vm1:amd64 
(1:1.1.4-1+b4) ...
#7 34.83 Selecting 
previously unselected 
package libvulkan1:amd64.
#7 34.83 Preparing to 
unpack .../85-libvulkan1_
1.4.309.0-1_amd64.deb ...
#7 34.86 Unpacking 
libvulkan1:amd64 
(1.4.309.0-1) ...
#7 35.02 Selecting 
previously unselected 
package 
libgl1-mesa-dri:amd64.
#7 35.02 Preparing to 
unpack .../86-libgl1-mesa
-dri_25.0.7-2_amd64.deb 
...
#7 35.05 Unpacking 
libgl1-mesa-dri:amd64 
(25.0.7-2) ...
#7 35.22 Selecting 
previously unselected 
package 
libglx-mesa0:amd64.
#7 35.22 Preparing to 
unpack .../87-libglx-mesa
0_25.0.7-2_amd64.deb ...
#7 35.24 Unpacking 
libglx-mesa0:amd64 
(25.0.7-2) ...
#7 35.40 Selecting 
previously unselected 
package libglx0:amd64.
#7 35.40 Preparing to 
unpack .../88-libglx0_1.7
.0-1+b2_amd64.deb ...
#7 35.43 Unpacking 
libglx0:amd64 
(1.7.0-1+b2) ...
#7 35.60 Selecting 
previously unselected 
package libgl1:amd64.
#7 35.60 Preparing to 
unpack .../89-libgl1_1.7.
0-1+b2_amd64.deb ...
#7 35.62 Unpacking 
libgl1:amd64 
(1.7.0-1+b2) ...
#7 35.79 Selecting 
previously unselected 
package 
libglib2.0-0t64:amd64.
#7 35.79 Preparing to 
unpack .../90-libglib2.0-
0t64_2.84.4-3~deb13u2_amd
64.deb ...
#7 35.83 Unpacking 
libglib2.0-0t64:amd64 
(2.84.4-3~deb13u2) ...
#7 36.05 Setting up 
libexpat1:amd64 
(2.7.1-2) ...
#7 36.09 Setting up 
libwayland-server0:amd64 
(1.23.1-3) ...
#7 36.16 Setting up 
libpciaccess0:amd64 
(0.17-3+b3) ...
#7 36.23 Setting up 
libxau6:amd64 
(1:1.0.11-1) ...
#7 36.28 Setting up 
libxdmcp6:amd64 
(1:1.1.5-1) ...
#7 36.34 Setting up 
libxcb1:amd64 
(1.17.0-2+b1) ...
#7 36.41 Setting up 
libxcb-xfixes0:amd64 
(1.17.0-2+b1) ...
#7 36.48 Setting up 
libgdbm-compat4t64:amd64 
(1.24-2) ...
#7 36.54 Setting up 
libglvnd0:amd64 
(1.7.0-1+b2) ...
#7 36.59 Setting up 
libxcb-glx0:amd64 
(1.17.0-2+b1) ...
#7 36.66 Setting up 
libedit2:amd64 
(3.1-20250104-1) ...
#7 36.73 Setting up 
binutils-common:amd64 
(2.44-3) ...
#7 36.79 Setting up 
libsensors-config 
(1:3.6.2-2) ...
#7 36.89 Setting up 
linux-libc-dev 
(6.12.73-1) ...
#7 36.94 Setting up 
libctf-nobfd0:amd64 
(2.44-3) ...
#7 37.00 Setting up 
libxcb-shm0:amd64 
(1.17.0-2+b1) ...
#7 37.06 Setting up 
libgomp1:amd64 
(14.2.0-19) ...
#7 37.12 Setting up 
bzip2 (1.0.8-6) ...
#7 37.19 Setting up 
libsframe1:amd64 
(2.44-3) ...
#7 37.24 Setting up 
libelf1t64:amd64 
(0.192-4) ...
#7 37.30 Setting up 
libjansson4:amd64 
(2.14-2+b3) ...
#7 37.36 Setting up 
libxcb-present0:amd64 
(1.17.0-2+b1) ...
#7 37.43 Setting up 
libz3-4:amd64 (4.13.3-1) 
...
#7 37.49 Setting up 
rpcsvc-proto (1.4.3-1) 
...
#7 37.54 Setting up 
libx11-data (2:1.8.12-1) 
...
#7 37.60 Setting up make 
(4.4.1-2) ...
#7 37.66 Setting up 
libmpfr6:amd64 (4.2.2-1) 
...
#7 37.72 Setting up 
libxcb-sync1:amd64 
(1.17.0-2+b1) ...
#7 37.79 Setting up 
xz-utils (5.8.1-1) ...
#7 37.84 
update-alternatives: 
using /usr/bin/xz to 
provide /usr/bin/lzma 
(lzma) in auto mode
#7 37.85 
update-alternatives: 
warning: skip creation 
of /usr/share/man/man1/lz
ma.1.gz because 
associated file /usr/shar
e/man/man1/xz.1.gz (of 
link group lzma) doesn't 
exist
#7 37.85 
update-alternatives: 
warning: skip creation 
of /usr/share/man/man1/un
lzma.1.gz because 
associated file /usr/shar
e/man/man1/unxz.1.gz (of 
link group lzma) doesn't 
exist
#7 37.85 
update-alternatives: 
warning: skip creation 
of /usr/share/man/man1/lz
cat.1.gz because 
associated file /usr/shar
e/man/man1/xzcat.1.gz 
(of link group lzma) 
doesn't exist
#7 37.85 
update-alternatives: 
warning: skip creation 
of /usr/share/man/man1/lz
more.1.gz because 
associated file /usr/shar
e/man/man1/xzmore.1.gz 
(of link group lzma) 
doesn't exist
#7 37.85 
update-alternatives: 
warning: skip creation 
of /usr/share/man/man1/lz
less.1.gz because 
associated file /usr/shar
e/man/man1/xzless.1.gz 
(of link group lzma) 
doesn't exist
#7 37.85 
update-alternatives: 
warning: skip creation 
of /usr/share/man/man1/lz
diff.1.gz because 
associated file /usr/shar
e/man/man1/xzdiff.1.gz 
(of link group lzma) 
doesn't exist
#7 37.85 
update-alternatives: 
warning: skip creation 
of /usr/share/man/man1/lz
cmp.1.gz because 
associated file /usr/shar
e/man/man1/xzcmp.1.gz 
(of link group lzma) 
doesn't exist
#7 37.85 
update-alternatives: 
warning: skip creation 
of /usr/share/man/man1/lz
grep.1.gz because 
associated file /usr/shar
e/man/man1/xzgrep.1.gz 
(of link group lzma) 
doesn't exist
#7 37.85 
update-alternatives: 
warning: skip creation 
of /usr/share/man/man1/lz
egrep.1.gz because 
associated file /usr/shar
e/man/man1/xzegrep.1.gz 
(of link group lzma) 
doesn't exist
#7 37.85 
update-alternatives: 
warning: skip creation 
of /usr/share/man/man1/lz
fgrep.1.gz because 
associated file /usr/shar
e/man/man1/xzfgrep.1.gz 
(of link group lzma) 
doesn't exist
#7 37.89 Setting up 
libquadmath0:amd64 
(14.2.0-19) ...
#7 37.95 Setting up 
libmpc3:amd64 
(1.3.1-1+b3) ...
#7 38.01 Setting up 
libatomic1:amd64 
(14.2.0-19) ...
#7 38.08 Setting up 
patch (2.8-2) ...
#7 38.13 Setting up 
libsensors5:amd64 
(1:3.6.2-2) ...
#7 38.19 Setting up 
libvulkan1:amd64 
(1.4.309.0-1) ...
#7 38.25 Setting up 
libubsan1:amd64 
(14.2.0-19) ...
#7 38.31 Setting up 
perl-modules-5.40 
(5.40.1-6) ...
#7 38.38 Setting up 
libxshmfence1:amd64 
(1.3.3-1) ...
#7 38.44 Setting up 
libhwasan0:amd64 
(14.2.0-19) ...
#7 38.50 Setting up 
libcrypt-dev:amd64 
(1:4.4.38-1) ...
#7 38.57 Setting up 
libxcb-randr0:amd64 
(1.17.0-2+b1) ...
#7 38.63 Setting up 
libasan8:amd64 
(14.2.0-19) ...
#7 38.69 Setting up 
libx11-6:amd64 
(2:1.8.12-1) ...
#7 38.76 Setting up 
libtsan2:amd64 
(14.2.0-19) ...
#7 38.82 Setting up 
libbinutils:amd64 
(2.44-3) ...
#7 38.88 Setting up 
libisl23:amd64 (0.27-1) 
...
#7 38.93 Setting up 
libc-dev-bin 
(2.41-12+deb13u1) ...
#7 38.99 Setting up 
libdrm-common 
(2.4.124-2) ...
#7 39.05 Setting up 
libxml2:amd64 (2.12.7+dfs
g+really2.9.14-2.1+deb13u
2) ...
#7 39.11 Setting up 
libcc1-0:amd64 
(14.2.0-19) ...
#7 39.17 Setting up 
liblsan0:amd64 
(14.2.0-19) ...
#7 39.22 Setting up 
libitm1:amd64 
(14.2.0-19) ...
#7 39.29 Setting up 
libctf0:amd64 (2.44-3) 
...
#7 39.36 Setting up 
libxcb-dri3-0:amd64 
(1.17.0-2+b1) ...
#7 39.42 Setting up 
libllvm19:amd64 
(1:19.1.7-3+b1) ...
#7 39.48 Setting up 
libx11-xcb1:amd64 
(2:1.8.12-1) ...
#7 39.54 Setting up 
libxext6:amd64 
(2:1.3.4-1+b3) ...
#7 39.60 Setting up 
libxxf86vm1:amd64 
(1:1.1.4-1+b4) ...
#7 39.67 Setting up 
libperl5.40:amd64 
(5.40.1-6) ...
#7 39.73 Setting up perl 
(5.40.1-6) ...
#7 39.81 Setting up 
libglib2.0-0t64:amd64 
(2.84.4-3~deb13u2) ...
#7 39.86 No schema files 
found: doing nothing.
#7 39.88 Setting up 
libgprofng0:amd64 
(2.44-3) ...
#7 39.95 Setting up 
cpp-14-x86-64-linux-gnu 
(14.2.0-19) ...
#7 40.02 Setting up 
libdpkg-perl (1.22.21) 
...
#7 40.07 Setting up 
cpp-14 (14.2.0-19) ...
#7 40.12 Setting up 
libdrm2:amd64 
(2.4.124-2) ...
#7 40.19 Setting up 
libc6-dev:amd64 
(2.41-12+deb13u1) ...
#7 40.24 Setting up 
libgcc-14-dev:amd64 
(14.2.0-19) ...
#7 40.30 Setting up 
libstdc++-14-dev:amd64 
(14.2.0-19) ...
#7 40.37 Setting up binut
ils-x86-64-linux-gnu 
(2.44-3) ...
#7 40.43 Setting up 
libdrm-amdgpu1:amd64 
(2.4.124-2) ...
#7 40.49 Setting up 
cpp-x86-64-linux-gnu 
(4:14.2.0-1) ...
#7 40.55 Setting up 
libdrm-intel1:amd64 
(2.4.124-2) ...
#7 40.61 Setting up 
binutils (2.44-3) ...
#7 40.69 Setting up 
dpkg-dev (1.22.21) ...
#7 40.79 Setting up cpp 
(4:14.2.0-1) ...
#7 40.86 Setting up 
gcc-14-x86-64-linux-gnu 
(14.2.0-19) ...
#7 40.93 Setting up 
mesa-libgallium:amd64 
(25.0.7-2) ...
#7 40.98 Setting up 
gcc-x86-64-linux-gnu 
(4:14.2.0-1) ...
#7 41.04 Setting up 
libgbm1:amd64 (25.0.7-2) 
...
#7 41.12 Setting up 
libgl1-mesa-dri:amd64 
(25.0.7-2) ...
#7 41.19 Setting up 
gcc-14 (14.2.0-19) ...
#7 41.30 Setting up 
g++-14-x86-64-linux-gnu 
(14.2.0-19) ...
#7 41.35 Setting up 
g++-x86-64-linux-gnu 
(4:14.2.0-1) ...
#7 41.41 Setting up 
g++-14 (14.2.0-19) ...
#7 41.48 Setting up 
libglx-mesa0:amd64 
(25.0.7-2) ...
#7 41.54 Setting up 
libglx0:amd64 
(1.7.0-1+b2) ...
#7 41.59 Setting up gcc 
(4:14.2.0-1) ...
#7 41.70 Setting up 
libgl1:amd64 
(1.7.0-1+b2) ...
#7 41.75 Setting up g++ 
(4:14.2.0-1) ...
#7 41.79 
update-alternatives: 
using /usr/bin/g++ to 
provide /usr/bin/c++ 
(c++) in auto mode
#7 41.83 Setting up 
build-essential (12.12) 
...
#7 41.88 Processing 
triggers for libc-bin 
(2.41-12+deb13u1) ...
#7 DONE 44.6s

#8 [4/6] COPY 
requirements.txt .
#8 DONE 0.2s

#9 [5/6] RUN pip install 
--no-cache-dir -r 
requirements.txt
#9 2.813 Collecting 
aistudio-sdk==0.3.8
#9 2.856   Downloading ai
studio_sdk-0.3.8-py3-none
-any.whl (62 kB)
#9 2.864      ÔöüÔöüÔöüÔö
üÔöüÔöüÔöüÔöüÔöüÔöüÔöüÔöü
ÔöüÔöüÔöüÔöüÔöüÔöüÔöüÔöüÔ
öüÔöüÔöüÔöüÔöüÔöüÔöüÔöüÔö
üÔöüÔöüÔöüÔöüÔöüÔöüÔöüÔöü
ÔöüÔöüÔöü 63.0/63.0 kB 
24.4 MB/s eta 0:00:00
#9 2.891 Collecting 
annotated-doc==0.0.4
#9 2.898   Downloading an
notated_doc-0.0.4-py3-non
e-any.whl (5.3 kB)
#9 2.919 Collecting 
annotated-types==0.7.0
#9 2.927   Downloading an
notated_types-0.7.0-py3-n
one-any.whl (13 kB)
#9 2.980 Collecting 
anyio==4.12.1
#9 2.987   Downloading an
yio-4.12.1-py3-none-any.w
hl (113 kB)
#9 2.994      ÔöüÔöüÔöüÔö
üÔöüÔöüÔöüÔöüÔöüÔöüÔöüÔöü
ÔöüÔöüÔöüÔöüÔöüÔöüÔöüÔöüÔ
öüÔöüÔöüÔöüÔöüÔöüÔöüÔöüÔö
üÔöüÔöüÔöüÔöüÔöüÔöüÔöüÔöü
Ôöü 113.6/113.6 kB 59.0 
MB/s eta 0:00:00
#9 3.017 Collecting 
astor==0.8.1
#9 3.025   Downloading as
tor-0.8.1-py2.py3-none-an
y.whl (27 kB)
#9 3.079 Collecting 
bce-python-sdk==0.9.63
#9 3.089   Downloading bc
e_python_sdk-0.9.63-py3-n
one-any.whl (400 kB)
#9 3.110      ÔöüÔöüÔöüÔö
üÔöüÔöüÔöüÔöüÔöüÔöüÔöüÔöü
ÔöüÔöüÔöüÔöüÔöüÔöüÔöüÔöüÔ
öüÔöüÔöüÔöüÔöüÔöüÔöüÔöüÔö
üÔöüÔöüÔöüÔöüÔöüÔöüÔöüÔöü
Ôöü 400.3/400.3 kB 21.9 
MB/s eta 0:00:00
#9 3.147 Collecting 
beautifulsoup4==4.14.3
#9 3.155   Downloading be
autifulsoup4-4.14.3-py3-n
one-any.whl (107 kB)
#9 3.163      ÔöüÔöüÔöüÔö
üÔöüÔöüÔöüÔöüÔöüÔöüÔöüÔöü
ÔöüÔöüÔöüÔöüÔöüÔöüÔöüÔöüÔ
öüÔöüÔöüÔöüÔöüÔöüÔöüÔöüÔö
üÔöüÔöüÔöüÔöüÔöüÔöüÔöüÔöü
Ôöü 107.7/107.7 kB 23.5 
MB/s eta 0:00:00
#9 3.183 Collecting 
blinker==1.9.0
#9 3.192   Downloading bl
inker-1.9.0-py3-none-any.
whl (8.5 kB)
#9 3.227 Collecting 
certifi==2026.2.25
#9 3.235   Downloading ce
rtifi-2026.2.25-py3-none-
any.whl (153 kB)
#9 3.244      ÔöüÔöüÔöüÔö
üÔöüÔöüÔöüÔöüÔöüÔöüÔöüÔöü
ÔöüÔöüÔöüÔöüÔöüÔöüÔöüÔöüÔ
öüÔöüÔöüÔöüÔöüÔöüÔöüÔöüÔö
üÔöüÔöüÔöüÔöüÔöüÔöüÔöüÔöü
Ôöü 153.7/153.7 kB 22.8 
MB/s eta 0:00:00
#9 3.278 Collecting 
chardet==7.0.1
#9 3.287   Downloading ch
ardet-7.0.1-cp310-cp310-m
anylinux2014_x86_64.manyl
inux_2_17_x86_64.manylinu
x_2_28_x86_64.whl (557 
kB)
#9 3.314      ÔöüÔöüÔöüÔö
üÔöüÔöüÔöüÔöüÔöüÔöüÔöüÔöü
ÔöüÔöüÔöüÔöüÔöüÔöüÔöüÔöüÔ
öüÔöüÔöüÔöüÔöüÔöüÔöüÔöüÔö
üÔöüÔöüÔöüÔöüÔöüÔöüÔöüÔöü
Ôöü 557.3/557.3 kB 23.8 
MB/s eta 0:00:00
#9 3.544 Collecting 
charset-normalizer==3.4.5
#9 3.554   Downloading ch
arset_normalizer-3.4.5-cp
310-cp310-manylinux2014_x
86_64.manylinux_2_17_x86_
64.manylinux_2_28_x86_64.
whl (196 kB)
#9 3.566      ÔöüÔöüÔöüÔö
üÔöüÔöüÔöüÔöüÔöüÔöüÔöüÔöü
ÔöüÔöüÔöüÔöüÔöüÔöüÔöüÔöüÔ
öüÔöüÔöüÔöüÔöüÔöüÔöüÔöüÔö
üÔöüÔöüÔöüÔöüÔöüÔöüÔöüÔöü
Ôöü 196.5/196.5 kB 20.5 
MB/s eta 0:00:00
#9 3.603 Collecting 
click==8.3.1
#9 3.611   Downloading cl
ick-8.3.1-py3-none-any.wh
l (108 kB)
#9 3.619      ÔöüÔöüÔöüÔö
üÔöüÔöüÔöüÔöüÔöüÔöüÔöüÔöü
ÔöüÔöüÔöüÔöüÔöüÔöüÔöüÔöüÔ
öüÔöüÔöüÔöüÔöüÔöüÔöüÔöüÔö
üÔöüÔöüÔöüÔöüÔöüÔöüÔöüÔöü
Ôöü 108.3/108.3 kB 18.7 
MB/s eta 0:00:00
#9 3.647 Collecting 
colorama==0.4.6
#9 3.656   Downloading co
lorama-0.4.6-py2.py3-none
-any.whl (25 kB)
#9 3.692 Collecting 
colorlog==6.10.1
#9 3.700   Downloading co
lorlog-6.10.1-py3-none-an
y.whl (11 kB)
#9 3.861 ERROR: Ignored 
the following versions 
that require a different 
python version: 1.3.3 
Requires-Python >=3.11
#9 3.861 ERROR: Could 
not find a version that 
satisfies the 
requirement 
contourpy==1.3.3 (from 
versions: 0.0.1, 0.0.2, 
0.0.3, 0.0.4, 0.0.5, 
1.0.0, 1.0.1, 1.0.2, 
1.0.3, 1.0.4, 1.0.5, 
1.0.6, 1.0.7, 1.1.0, 
1.1.1rc1, 1.1.1, 1.2.0, 
1.2.1rc1, 1.2.1, 1.3.0, 
1.3.1, 1.3.2)
#9 3.862 ERROR: No 
matching distribution 
found for 
contourpy==1.3.3
#9 3.961 
#9 3.961 [notice] A new 
release of pip is 
available: 23.0.1 -> 
26.0.1
#9 3.961 [notice] To 
update, run: pip install 
--upgrade pip
#9 ERROR: process 
"/bin/sh -c pip install 
--no-cache-dir -r 
requirements.txt" did 
not complete 
successfully: exit code: 
1
------
 > [5/6] RUN pip install 
--no-cache-dir -r 
requirements.txt:
3.647 Collecting 
colorama==0.4.6
3.656   Downloading color
ama-0.4.6-py2.py3-none-an
y.whl (25 kB)
3.692 Collecting 
colorlog==6.10.1
3.700   Downloading color
log-6.10.1-py3-none-any.w
hl (11 kB)
3.861 ERROR: Ignored the 
following versions that 
require a different 
python version: 1.3.3 
Requires-Python >=3.11
3.861 ERROR: Could not 
find a version that 
satisfies the 
requirement 
contourpy==1.3.3 (from 
versions: 0.0.1, 0.0.2, 
0.0.3, 0.0.4, 0.0.5, 
1.0.0, 1.0.1, 1.0.2, 
1.0.3, 1.0.4, 1.0.5, 
1.0.6, 1.0.7, 1.1.0, 
1.1.1rc1, 1.1.1, 1.2.0, 
1.2.1rc1, 1.2.1, 1.3.0, 
1.3.1, 1.3.2)
3.862 ERROR: No matching 
distribution found for 
contourpy==1.3.3
3.961 
3.961 [notice] A new 
release of pip is 
available: 23.0.1 -> 
26.0.1
3.961 [notice] To 
update, run: pip install 
--upgrade pip
------
Dockerfile:15
--------------------
  13 |     # Copy python 
requirements and install 
them
  14 |     COPY 
requirements.txt .
  15 | >>> RUN pip 
install --no-cache-dir 
-r requirements.txt
  16 |     
  17 |     # Copy the 
rest of the application 
code
--------------------
ERROR: failed to build: 
failed to solve: process 
"/bin/sh -c pip install 
--no-cache-dir -r 
requirements.txt" did 
not complete 
successfully: exit code: 
1

View build details: docke
r-desktop://dashboard/bui
ld/desktop-linux/desktop-
linux/nm746t1adosjkx2mjm3
g2jw4x
